﻿
> build
> react-router build

[36mvite v7.3.1 [32mbuilding client environment for production...[36m[39m
transforming...
[32mΓ£ô[39m 49 modules transformed.
node.exe : [31mΓ£ù[39m Build 
failed in 631ms
At line:1 char:1
+ & "C:\Program 
Files\nodejs/node.exe" "C:\Program 
Files\nodejs/node_mo ...
+ ~~~~~~~~~~~~~~~~~~~~~~~~~~~~~~~~~
~~~~~~~~~~~~~~~~~~~~~~~~~~~~~~~~~~~
~
    + CategoryInfo              : 
NotSpecified: ([31mΓ£    ù[39m 
Build failed in 6    31ms:String) 
[], RemoteE    xception
    + FullyQualifiedErrorId     : 
NativeCommandError
 
[31m[@tailwindcss/vite:generate:bu
ild] Cannot apply unknown utility 
class 
`shadow-[0_8px_30px_rgba(0,`[39m
file: [36mC:/Users/lenovo/.vscode/
Webdev/Resume 
Analyser/app/app.css[39m
    at onInvalidCandidate (file:///
C:/Users/lenovo/.vscode/Webdev/Resu
me%20Analyser/node_modules/tailwind
css/dist/chunk-L5IEUH3R.mjs:21:1511
)
    at $e (file:///C:/Users/lenovo/
.vscode/Webdev/Resume%20Analyser/no
de_modules/tailwindcss/dist/chunk-L
5IEUH3R.mjs:16:36740)
    at file:///C:/Users/lenovo/.vsc
ode/Webdev/Resume%20Analyser/node_m
odules/tailwindcss/dist/chunk-L5IEU
H3R.mjs:21:355
    at Ar (file:///C:/Users/lenovo/
.vscode/Webdev/Resume%20Analyser/no
de_modules/tailwindcss/dist/chunk-L
5IEUH3R.mjs:3:1733)
    at I (file:///C:/Users/lenovo/.
vscode/Webdev/Resume%20Analyser/nod
e_modules/tailwindcss/dist/chunk-L5
IEUH3R.mjs:3:1377)
    at Ce (file:///C:/Users/lenovo/
.vscode/Webdev/Resume%20Analyser/no
de_modules/tailwindcss/dist/chunk-L
5IEUH3R.mjs:21:172)
    at Gi (file:///C:/Users/lenovo/
.vscode/Webdev/Resume%20Analyser/no
de_modules/tailwindcss/dist/chunk-L
5IEUH3R.mjs:38:294)
    at ao (file:///C:/Users/lenovo/
.vscode/Webdev/Resume%20Analyser/no
de_modules/tailwindcss/dist/chunk-L
5IEUH3R.mjs:38:631)
    at vf (file:///C:/Users/lenovo/
.vscode/Webdev/Resume%20Analyser/no
de_modules/tailwindcss/dist/chunk-L
5IEUH3R.mjs:38:1406)
    at uu (file:///C:/Users/lenovo/
.vscode/Webdev/Resume%20Analyser/no
de_modules/@tailwindcss/node/dist/i
ndex.mjs:10:3458) {
  code: 'PLUGIN_ERROR',
  plugin: 
'@tailwindcss/vite:generate:build',
  hook: 'transform',
  id: 'C:/Users/lenovo/.vscode/Webd
ev/Resume Analyser/app/app.css',
  watchFiles: [
    'C:\\Users\\lenovo\\.vscode\\We
bdev\\Resume 
Analyser\\package.json',
    'C:/Users/lenovo/.vscode/Webdev
/Resume 
Analyser/app/routes/home.tsx',
    'C:/Users/lenovo/.vscode/Webdev
/Resume 
Analyser/app/routes/auth.tsx',
    'C:/Users/lenovo/.vscode/Webdev
/Resume Analyser/node_modules/@reac
t-router/dev/dist/config/defaults/e
ntry.client.tsx',
    'C:/Users/lenovo/.vscode/Webdev
/Resume Analyser/app/root.tsx',
    'C:/Users/lenovo/.vscode/Webdev
/Resume 
Analyser/app/routes/upload.tsx',
    'C:/Users/lenovo/.vscode/Webdev
/Resume 
Analyser/app/routes/resume.tsx',
    'C:/Users/lenovo/.vscode/Webdev
/Resume Analyser/app/routes/api.ana
lyze.ts',
    'C:/Users/lenovo/.vscode/Webdev
/Resume Analyser/node_modules/react
/jsx-runtime.js',
    'C:/Users/lenovo/.vscode/Webdev
/Resume Analyser/node_modules/react
-router/dist/development/dom-export
.mjs',
    'C:/Users/lenovo/.vscode/Webdev
/Resume Analyser/node_modules/react
/index.js',
    'C:/Users/lenovo/.vscode/Webdev
/Resume Analyser/node_modules/react
-dom/client.js',
    'C:/Users/lenovo/.vscode/Webdev
/Resume Analyser/node_modules/react
/cjs/react-jsx-runtime.production.j
s',
    'C:/Users/lenovo/.vscode/Webdev
/Resume Analyser/node_modules/react
/cjs/react.production.js',
    'C:/Users/lenovo/.vscode/Webdev
/Resume Analyser/node_modules/react
-dom/cjs/react-dom-client.productio
n.js',
    'C:/Users/lenovo/.vscode/Webdev
/Resume Analyser/node_modules/react
-dom/index.js',
    'C:/Users/lenovo/.vscode/Webdev
/Resume Analyser/node_modules/react
-router/dist/development/chunk-FNSC
YPCZ.mjs',
    'C:/Users/lenovo/.vscode/Webdev
/Resume Analyser/node_modules/react
-router/dist/development/chunk-EPOL
DU6W.mjs',
    'C:/Users/lenovo/.vscode/Webdev
/Resume Analyser/node_modules/sched
uler/index.js',
    'C:/Users/lenovo/.vscode/Webdev
/Resume Analyser/node_modules/react
-dom/cjs/react-dom.production.js',
    'C:/Users/lenovo/.vscode/Webdev
/Resume Analyser/app/components/Res
umeCard.tsx',
    'C:/Users/lenovo/.vscode/Webdev
/Resume Analyser/app/components/Nav
bar.tsx',
    'C:/Users/lenovo/.vscode/Webdev
/Resume Analyser/app/components/Foo
ter.tsx',
    'C:/Users/lenovo/.vscode/Webdev
/Resume 
Analyser/constants/index.ts',
    'C:/Users/lenovo/.vscode/Webdev
/Resume 
Analyser/app/lib/supabase.ts',
    'C:/Users/lenovo/.vscode/Webdev
/Resume 
Analyser/app/components/ATS.tsx',
    'C:/Users/lenovo/.vscode/Webdev
/Resume Analyser/app/components/Det
ails.tsx',
    'C:/Users/lenovo/.vscode/Webdev
/Resume Analyser/app/components/Sum
mary.tsx',
    'C:/Users/lenovo/.vscode/Webdev
/Resume Analyser/app/lib/utils.ts',
    'C:/Users/lenovo/.vscode/Webdev
/Resume Analyser/app/components/Fil
eUploader.tsx',
    'C:/Users/lenovo/.vscode/Webdev
/Resume 
Analyser/app/lib/pdf2img.ts',
    'C:/Users/lenovo/.vscode/Webdev
/Resume Analyser/node_modules/react
-router/node_modules/cookie/dist/in
dex.js',
    'C:/Users/lenovo/.vscode/Webdev
/Resume Analyser/node_modules/set-c
ookie-parser/lib/set-cookie.js',
    'C:/Users/lenovo/.vscode/Webdev
/Resume Analyser/app/app.css',
    'C:\\Users\\lenovo\\.vscode\\We
bdev\\Resume Analyser\\node_modules
\\tailwindcss\\index.css',
    'C:\\Users\\lenovo\\.vscode\\We
bdev\\Resume Analyser\\node_modules
\\tw-animate-css\\dist\\tw-animate.
css',
    'C:/Users/lenovo/.vscode/Webdev
/Resume Analyser/node_modules/sched
uler/cjs/scheduler.production.js'
  ]
}
